C51 COMPILER V9.60.7.0   LED                                                               08/23/2023 20:26:41 PAGE 1   


C51 COMPILER V9.60.7.0, COMPILATION OF MODULE LED
OBJECT MODULE PLACED IN .\Objects\led.obj
COMPILER INVOKED BY: C:\Software\Keil\C51\BIN\C51.EXE led.c OPTIMIZE(8,SPEED) BROWSE DEBUG OBJECTEXTEND PRINT(.\Listings
                    -\led.lst) TABS(2) OBJECT(.\Objects\led.obj)

line level    source

   1          #include "led.h"
   2          
   3          
   4          
   5          
   6          
   7          
   8          
   9          /**
  10           **  @brief  指定某个LED亮
  11           **  @param  pos: 位置(1~8)
  12           **  @retval 无
  13           **/
  14          void led_on(u8 pos){
  15   1        LED_PORT &= ~(0x01<<(pos-1));
  16   1      }
  17          
  18          
  19          /**
  20             *  @brief  指定某个LED灭
  21             *  @param  pos: 位置
  22             *  @retval 无
  23             */
  24          void led_off(u8 pos){
  25   1        LED_PORT |= 0x01<<(pos-1);
  26   1      }
  27          
  28          
  29          /**
  30             *  @brief  LED流水灯
  31             *  @param  time 延时时间
  32             *  @retval 无
  33             */
  34          void led_stream(u16 time){
  35   1        u8 i;
  36   1        for(i=0;i<8;i++){
  37   2          led_on(i+1);
  38   2          delay_10us(time);
  39   2        }
  40   1        
  41   1        // 全部熄灭
  42   1        for(i=0;i<8;i++){
  43   2          led_off(i+1);
  44   2        }
  45   1      }
  46          
  47          
  48          
  49          /**
  50             *  @brief  LED跑马灯
  51             *  @param  time 延时时间
  52             *  @retval 无
  53             */
  54          void led_run(u16 time){
C51 COMPILER V9.60.7.0   LED                                                               08/23/2023 20:26:41 PAGE 2   

  55   1        u8 i;
  56   1        for(i=0;i<8;i++){
  57   2          led_on(i+1);
  58   2          delay_10us(time);
  59   2          led_off(i+1);
  60   2        }
  61   1      }
  62          
  63          


MODULE INFORMATION:   STATIC OVERLAYABLE
   CODE SIZE        =    121    ----
   CONSTANT SIZE    =   ----    ----
   XDATA SIZE       =   ----    ----
   PDATA SIZE       =   ----    ----
   DATA SIZE        =   ----       6
   IDATA SIZE       =   ----    ----
   BIT SIZE         =   ----    ----
END OF MODULE INFORMATION.


C51 COMPILATION COMPLETE.  0 WARNING(S),  0 ERROR(S)
